// Jest Snapshot v1, https://goo.gl/fbAQLP

exports[`Camera render correctly 1`] = `
<camera
  id="my-camera"
/>
`;
