// Jest Snapshot v1, https://goo.gl/fbAQLP

exports[`Icon render correctly 1`] = `
<icon
  className="class"
  type="info"
/>
`;
