// Jest Snapshot v1, https://goo.gl/fbAQLP

exports[`Progress render correctly 1`] = `<progress />`;
