// Jest Snapshot v1, https://goo.gl/fbAQLP

exports[`Radio render correctly 1`] = `<radio />`;
