// Jest Snapshot v1, https://goo.gl/fbAQLP

exports[`Swiper render correctly 1`] = `<swiper />`;
