// Jest Snapshot v1, https://goo.gl/fbAQLP

exports[`Switch render correctly 1`] = `<switch />`;
