{
  "publicComponents": {
    "mini-greet": "components/mini-greet/index",
    "react-greet": "components/react-greet/index"
  },
  "publicPages": {
    "mini-page": "pages/mini/index",
    "react-page": "pages/react/index"
  },
  "plugins": {
    "myPlugin": {
      "version": "1.0.0",
      "provider": "wxidxxxxxxxxxxxxxxxx"
    }
  },
  "pages": [
    "pages/mini/index",
    "pages/react/index"
  ],
  "main": "main"
}