// Jest Snapshot v1, https://goo.gl/fbAQLP

exports[`props alias transform style prop correctly 1`] = `
Object {
  "style": "color:#ffffff;height:2rpx;-webkit-flex:1;--color:red;--textColor:blue;background-color:var(--textColor);",
}
`;

exports[`props alias transform style prop correctly 2`] = `
Object {
  "style": null,
}
`;
