// Jest Snapshot v1, https://goo.gl/fbAQLP

exports[`PickerView render correctly 1`] = `<picker-view />`;
