// Jest Snapshot v1, https://goo.gl/fbAQLP

exports[`SwiperItem render correctly 1`] = `<swiper-item />`;
