// Jest Snapshot v1, https://goo.gl/fbAQLP

exports[`WebView render correctly 1`] = `
<web-view
  progressbarColor="#51a0d8"
/>
`;
