{
  "pages": [
    "pages/index"
  ],
  "window": {
    "defaultTitle": "Todo App",
    "titleBarColor": "#323239"
  }
}