{
  "pages": [
    "pages/index",
    "pages/about"
  ]
}