{
  "defaultTitle": "Ali App",
  "titleBarColor": "#323239",
  "usingComponents": {}
}