{
  "usingComponents": {
    "f-index-ec688e6": "../components/f/index",
    "d-index-6a5e7c1": "../components/d/index"
  }
}