{
  "usingComponents": {
    "foo": "/components/foo/index",
    "zxc": "/components/zxc/index",
    "abc": "/npm/abc/index"
  }
}