// Jest Snapshot v1, https://goo.gl/fbAQLP

exports[`CoverImage render correctly 1`] = `<cover-image />`;
