// Jest Snapshot v1, https://goo.gl/fbAQLP

exports[`MatchMedia render correctly 1`] = `<match-media />`;
