// Jest Snapshot v1, https://goo.gl/fbAQLP

exports[`OfficialAccount render correctly 1`] = `<official-account />`;
