// Jest Snapshot v1, https://goo.gl/fbAQLP

exports[`OpenData render correctly 1`] = `
<open-data
  lang="en"
/>
`;
