// Jest Snapshot v1, https://goo.gl/fbAQLP

exports[`PageMeta render correctly 1`] = `
<page-meta
  scrollDuration={300}
/>
`;
