// Jest Snapshot v1, https://goo.gl/fbAQLP

exports[`PickerViewColumn render correctly 1`] = `<picker-view-column />`;
