// Jest Snapshot v1, https://goo.gl/fbAQLP

exports[`Picker render correctly 1`] = `
<picker
  disabled={false}
  fields="day"
  mode="selector"
  range={Array []}
/>
`;
