// Jest Snapshot v1, https://goo.gl/fbAQLP

exports[`Progress render correctly 1`] = `
<progress
  active={false}
  activeColor="#09BB07"
  activeMode="backwards"
  backgroundColor="#EBEBEB"
  borderRadius={0}
  color="#09BB07"
  duration={30}
  fontSize={16}
  showInfo={false}
  strokeWidth={6}
/>
`;
