// Jest Snapshot v1, https://goo.gl/fbAQLP

exports[`RadioGroup render correctly 1`] = `<radio-group />`;
