// Jest Snapshot v1, https://goo.gl/fbAQLP

exports[`Swiper render correctly 1`] = `
<swiper
  autoplay={false}
  circular={false}
  current={0}
  displayMultipleItems={1}
  duration={500}
  easingFunction="default"
  indicatorActiveColor="#000000"
  indicatorColor="rgba(0, 0, 0, .3)"
  indicatorDots={false}
  interval={5000}
  nextMargin="0px"
  previousMargin="0px"
  skipHiddenItemLayout={false}
  snapToEdge={false}
  vertical={false}
/>
`;
