// Jest Snapshot v1, https://goo.gl/fbAQLP

exports[`Text render correctly 1`] = `
<text
  className="class"
  decode={false}
  selectable={false}
  userSelect={false}
>
  text
</text>
`;
